<html>
<body>
<pre>
<h1>µVision Build Log</h1>
<h2>Tool Versions:</h2>
IDE-Version: µVision V5.29.0.0
Copyright (C) 2019 ARM Ltd and ARM Germany GmbH. All rights reserved.
License Information: Tasneem Mansour, none, LIC=----
 
Tool Versions:
Toolchain:       MDK-Lite  Version: 5.29.0.0
Toolchain Path:  C:\Keil_v5\ARM\ARMCC\Bin
C Compiler:      Armcc.exe V5.06 update 6 (build 750)
Assembler:       Armasm.exe V5.06 update 6 (build 750)
Linker/Locator:  ArmLink.exe V5.06 update 6 (build 750)
Library Manager: ArmAr.exe V5.06 update 6 (build 750)
Hex Converter:   FromElf.exe V5.06 update 6 (build 750)
CPU DLL:         SARMCM3.DLL V5.29.0.0
Dialog DLL:      DCM.DLL V1.17.3.0
Target DLL:      UL2CM3.DLL V1.163.0.0
Dialog DLL:      TCM.DLL V1.36.5.0
 
<h2>Project:</h2>
D:\egFWD\AdvanceES2022\Projects\Project1\AdvancedES-EgFWD-Project1\Keil\Project1.uvprojx
Project File Date:  12/25/2022

<h2>Output:</h2>
*** Using Compiler 'V5.06 update 6 (build 750)', folder: 'C:\Keil_v5\ARM\ARMCC\Bin'
Rebuild target 'Target 1'
compiling GPIO_cfg.c...
..\src\Service\types.h(19): warning:  #1-D: last line of file ends without a newline
  #endif /* TYPES.H */
..\src\Service\BIT_MATH.h(27): warning:  #1-D: last line of file ends without a newline
  #endif /* BIT_MATH.H */
..\src\MCAL\GPIO\GPIO_cfg.h(26): warning:  #1-D: last line of file ends without a newline
  #endif /* GPIO_CFG.H */
..\src\MCAL\GPIO\GPIO.h(160): warning:  #1-D: last line of file ends without a newline
  #endif /* GPIO.H */
..\src\MCAL\GPIO\GPIO_cfg.h(26): warning:  #1-D: last line of file ends without a newline
  #endif /* GPIO_CFG.H */
..\src\MCAL\GPIO\GPIO_cfg.c: 5 warnings, 0 errors
compiling GPT_cfg.c...
..\src\Service\types.h(19): warning:  #1-D: last line of file ends without a newline
  #endif /* TYPES.H */
..\src\Service\BIT_MATH.h(27): warning:  #1-D: last line of file ends without a newline
  #endif /* BIT_MATH.H */
..\src\MCAL\GPT\GPT_cfg.h(27): warning:  #1-D: last line of file ends without a newline
  #endif /* GPT_CFG.H */
..\src\MCAL\GPIO\GPIO.h(160): warning:  #1-D: last line of file ends without a newline
  #endif /* GPIO.H */
..\src\MCAL\GPIO\GPIO_cfg.h(26): warning:  #1-D: last line of file ends without a newline
  #endif /* GPIO_CFG.H */
..\src\MCAL\GPIO\GPIO.h(160): warning:  #1-D: last line of file ends without a newline
  #endif /* GPIO.H */
..\src\MCAL\GPT\GPT_cfg.h(27): warning:  #1-D: last line of file ends without a newline
  #endif /* GPT_CFG.H */
..\src\MCAL\GPT\GPT_cfg.c: 7 warnings, 0 errors
compiling GPT.c...
..\src\Service\types.h(19): warning:  #1-D: last line of file ends without a newline
  #endif /* TYPES.H */
..\src\Service\BIT_MATH.h(27): warning:  #1-D: last line of file ends without a newline
  #endif /* BIT_MATH.H */
..\src\MCAL\GPT\GPT_cfg.h(27): warning:  #1-D: last line of file ends without a newline
  #endif /* GPT_CFG.H */
..\src\MCAL\GPIO\GPIO.h(160): warning:  #1-D: last line of file ends without a newline
  #endif /* GPIO.H */
..\src\MCAL\GPIO\GPIO_cfg.h(26): warning:  #1-D: last line of file ends without a newline
  #endif /* GPIO_CFG.H */
..\src\MCAL\GPIO\GPIO.h(160): warning:  #1-D: last line of file ends without a newline
  #endif /* GPIO.H */
..\src\MCAL\GPT\GPT.c(51): warning:  #1215-D: #warning directive: "other configurations aren't supported yet"
  				#warning "other configurations aren't supported yet"
..\src\MCAL\GPT\GPT.c(67): warning:  #1215-D: #warning directive: "other configurations aren't supported yet"
  				#warning "other configurations aren't supported yet"
..\src\MCAL\GPT\GPT.c(93): warning:  #1-D: last line of file ends without a newline
  }
..\src\MCAL\GPT\GPT.c: 9 warnings, 0 errors
compiling GPIO.c...
..\src\Service\types.h(19): warning:  #1-D: last line of file ends without a newline
  #endif /* TYPES.H */
..\src\Service\BIT_MATH.h(27): warning:  #1-D: last line of file ends without a newline
  #endif /* BIT_MATH.H */
..\src\MCAL\GPIO\GPIO.h(160): warning:  #1-D: last line of file ends without a newline
  #endif /* GPIO.H */
..\src\MCAL\GPIO\GPIO_cfg.h(26): warning:  #1-D: last line of file ends without a newline
  #endif /* GPIO_CFG.H */
..\src\MCAL\GPIO\GPIO.h(160): warning:  #1-D: last line of file ends without a newline
  #endif /* GPIO.H */
..\src\MCAL\GPIO\GPIO.c(25): warning:  #1215-D: #warning directive: "You passed an empty pointer for configuration"  
  		#warning "You passed an empty pointer for configuration"  
..\src\MCAL\GPIO\GPIO.c(63): warning:  #1215-D: #warning directive: "Other pin modes aren't supported yet"
  			#warning "Other pin modes aren't supported yet"
..\src\MCAL\GPIO\GPIO.c(85): warning:  #1215-D: #warning directive: "You've entered wrong pin level in configuration"
  				#warning "You've entered wrong pin level in configuration"
..\src\MCAL\GPIO\GPIO.c(103): warning:  #1215-D: #warning directive: "You've entered wrong output current"
  				#warning "You've entered wrong output current"
..\src\MCAL\GPIO\GPIO.c(108): warning:  #1215-D: #warning directive: "You've entered wrong direction"
  			#warning "You've entered wrong direction"
..\src\MCAL\GPIO\GPIO.c(125): warning:  #1215-D: #warning directive: "You've entered wrong internal atttach"
  			#warning "You've entered wrong internal atttach"
..\src\MCAL\GPIO\GPIO.c(135): warning:  #188-D: enumerated type mixed with another type
  	return ( (GPIODATA(GPIOId, ChannelId)) & (1<<ChannelId));
..\src\MCAL\GPIO\GPIO.c(157): warning:  #188-D: enumerated type mixed with another type
  	return ( (GPIODATA(GPIOId, ChannelId)) & (1<<ChannelId) );
..\src\MCAL\GPIO\GPIO.c: 13 warnings, 0 errors
assembling startup_TM4C123.s...
compiling IntCtrl.c...
..\src\Service\types.h(19): warning:  #1-D: last line of file ends without a newline
  #endif /* TYPES.H */
..\src\Service\BIT_MATH.h(27): warning:  #1-D: last line of file ends without a newline
  #endif /* BIT_MATH.H */
..\src\MCAL\Int_Ctrl\IntCtrl.h(106): warning:  #1-D: last line of file ends without a newline
  #endif /* INTCTRL.H */
..\src\MCAL\Int_Ctrl\IntCtrl_cfg.h(27): warning:  #1-D: last line of file ends without a newline
  #endif /* INTCTRL_CFG.H */
..\src\MCAL\GPIO\GPIO.h(160): warning:  #1-D: last line of file ends without a newline
  #endif /* GPIO.H */
..\src\MCAL\GPIO\GPIO_cfg.h(26): warning:  #1-D: last line of file ends without a newline
  #endif /* GPIO_CFG.H */
..\src\MCAL\GPIO\GPIO.h(160): warning:  #1-D: last line of file ends without a newline
  #endif /* GPIO.H */
..\src\MCAL\Int_Ctrl\IntCtrl.h(106): warning:  #1-D: last line of file ends without a newline
  #endif /* INTCTRL.H */
..\src\MCAL\Int_Ctrl\IntCtrl.c(97): warning:  #1215-D: #warning directive: "WRONG INTERRUPT SENSE ENTERED"
  				#warning "WRONG INTERRUPT SENSE ENTERED"
..\src\MCAL\Int_Ctrl\IntCtrl.c(118): warning:  #1215-D: #warning directive: "WRONG INTERRUPT CHANGE TRIGGER ENTERED"
  				#warning "WRONG INTERRUPT CHANGE TRIGGER ENTERED"
..\src\MCAL\Int_Ctrl\IntCtrl.c(127): warning:  #1-D: last line of file ends without a newline
  }
..\src\MCAL\Int_Ctrl\IntCtrl.c: 11 warnings, 0 errors
compiling IntCtrl_cfg.c...
..\src\Service\types.h(19): warning:  #1-D: last line of file ends without a newline
  #endif /* TYPES.H */
..\src\Service\BIT_MATH.h(27): warning:  #1-D: last line of file ends without a newline
  #endif /* BIT_MATH.H */
..\src\MCAL\Int_Ctrl\IntCtrl_cfg.h(27): warning:  #1-D: last line of file ends without a newline
  #endif /* INTCTRL_CFG.H */
..\src\MCAL\GPIO\GPIO.h(160): warning:  #1-D: last line of file ends without a newline
  #endif /* GPIO.H */
..\src\MCAL\GPIO\GPIO_cfg.h(26): warning:  #1-D: last line of file ends without a newline
  #endif /* GPIO_CFG.H */
..\src\MCAL\GPIO\GPIO.h(160): warning:  #1-D: last line of file ends without a newline
  #endif /* GPIO.H */
..\src\MCAL\Int_Ctrl\IntCtrl.h(106): warning:  #1-D: last line of file ends without a newline
  #endif /* INTCTRL.H */
..\src\MCAL\Int_Ctrl\IntCtrl_cfg.h(27): warning:  #1-D: last line of file ends without a newline
  #endif /* INTCTRL_CFG.H */
..\src\MCAL\Int_Ctrl\IntCtrl_cfg.c(25): warning:  #1-D: last line of file ends without a newline
  };
..\src\MCAL\Int_Ctrl\IntCtrl_cfg.c: 9 warnings, 0 errors
compiling SysTick.c...
..\src\Service\types.h(19): warning:  #1-D: last line of file ends without a newline
  #endif /* TYPES.H */
..\src\Service\BIT_MATH.h(27): warning:  #1-D: last line of file ends without a newline
  #endif /* BIT_MATH.H */
..\src\MCAL\SysTick\SysTick.h(52): warning:  #1295-D: Deprecated declaration SysTick_Init - give arg types
  void SysTick_Init();
..\src\MCAL\SysTick\SysTick.h(54): warning:  #1-D: last line of file ends without a newline
  #endif /* SYSTICK.H */
..\src\MCAL\SysTick\SysTick.c(50): warning:  #1-D: last line of file ends without a newline
  }
..\src\MCAL\SysTick\SysTick.c: 5 warnings, 0 errors
compiling Button.c...
..\src\Service\types.h(19): warning:  #1-D: last line of file ends without a newline
  #endif /* TYPES.H */
..\src\Service\BIT_MATH.h(27): warning:  #1-D: last line of file ends without a newline
  #endif /* BIT_MATH.H */
..\src\MCAL\GPIO\GPIO.h(160): warning:  #1-D: last line of file ends without a newline
  #endif /* GPIO.H */
..\src\MCAL\GPIO\GPIO_cfg.h(26): warning:  #1-D: last line of file ends without a newline
  #endif /* GPIO_CFG.H */
..\src\MCAL\GPIO\GPIO.h(160): warning:  #1-D: last line of file ends without a newline
  #endif /* GPIO.H */
..\src\HAL\BUTTON\Button.h(25): warning:  #1-D: last line of file ends without a newline
  #endif /* BUTTON.H */
..\src\HAL\BUTTON\Button.c: 6 warnings, 0 errors
compiling LED.c...
..\src\Service\types.h(19): warning:  #1-D: last line of file ends without a newline
  #endif /* TYPES.H */
..\src\Service\BIT_MATH.h(27): warning:  #1-D: last line of file ends without a newline
  #endif /* BIT_MATH.H */
..\src\MCAL\GPIO\GPIO.h(160): warning:  #1-D: last line of file ends without a newline
  #endif /* GPIO.H */
..\src\MCAL\GPIO\GPIO_cfg.h(26): warning:  #1-D: last line of file ends without a newline
  #endif /* GPIO_CFG.H */
..\src\MCAL\GPIO\GPIO.h(160): warning:  #1-D: last line of file ends without a newline
  #endif /* GPIO.H */
..\src\HAL\LED\LED.c: 5 warnings, 0 errors
compiling App.c...
..\src\Service\BIT_MATH.h(27): warning:  #1-D: last line of file ends without a newline
  #endif /* BIT_MATH.H */
..\src\Service\types.h(19): warning:  #1-D: last line of file ends without a newline
  #endif /* TYPES.H */
..\src\MCAL\GPIO\GPIO.h(160): warning:  #1-D: last line of file ends without a newline
  #endif /* GPIO.H */
..\src\MCAL\GPIO\GPIO_cfg.h(26): warning:  #1-D: last line of file ends without a newline
  #endif /* GPIO_CFG.H */
..\src\MCAL\GPIO\GPIO.h(160): warning:  #1-D: last line of file ends without a newline
  #endif /* GPIO.H */
..\src\MCAL\GPT\GPT_cfg.h(27): warning:  #1-D: last line of file ends without a newline
  #endif /* GPT_CFG.H */
..\src\MCAL\Int_Ctrl\IntCtrl.h(106): warning:  #1-D: last line of file ends without a newline
  #endif /* INTCTRL.H */
..\src\MCAL\Int_Ctrl\IntCtrl_cfg.h(27): warning:  #1-D: last line of file ends without a newline
  #endif /* INTCTRL_CFG.H */
..\src\MCAL\Int_Ctrl\IntCtrl.h(106): warning:  #1-D: last line of file ends without a newline
  #endif /* INTCTRL.H */
..\src\HAL\BUTTON\Button.h(25): warning:  #1-D: last line of file ends without a newline
  #endif /* BUTTON.H */
..\src\MCAL\SysTick\SysTick.h(52): warning:  #1295-D: Deprecated declaration SysTick_Init - give arg types
  void SysTick_Init();
..\src\MCAL\SysTick\SysTick.h(54): warning:  #1-D: last line of file ends without a newline
  #endif /* SYSTICK.H */
..\src\APP\APP.h(32): warning:  #1295-D: Deprecated declaration App_BlinkLED - give arg types
  void App_BlinkLED();
..\src\APP\APP.h(33): warning:  #1295-D: Deprecated declaration Button_Handler - give arg types
  void Button_Handler();
..\src\APP\APP.h(36): warning:  #1-D: last line of file ends without a newline
  #endif /* APP.H */
..\src\APP\App.c: 15 warnings, 0 errors
compiling system_TM4C123.c...
linking...
Program Size: Code=3198 RO-data=690 RW-data=20 ZI-data=612  
".\Objects\Project1.axf" - 0 Error(s), 85 Warning(s).

<h2>Software Packages used:</h2>

Package Vendor: ARM
                http://www.keil.com/pack/ARM.CMSIS.5.9.0.pack
                ARM.CMSIS.5.9.0
                CMSIS (Common Microcontroller Software Interface Standard)
   * Component: CORE Version: 5.6.0

Package Vendor: Keil
                http://www.keil.com/pack/Keil.TM4C_DFP.1.1.0.pack
                Keil.TM4C_DFP.1.1.0
                Texas Instruments Tiva C Series Device Support and Examples
   * Component: Startup Version: 1.0.1

<h2>Collection of Component include folders:</h2>
  .\RTE\_Target_1
  C:\Users\Dell\AppData\Local\Arm\Packs\ARM\CMSIS\5.9.0\CMSIS\Core\Include
  C:\Users\Dell\AppData\Local\Arm\Packs\Keil\TM4C_DFP\1.1.0\Device\Include\TM4C123

<h2>Collection of Component Files used:</h2>

   * Component: ARM::CMSIS:CORE:5.6.0

   * Component: Keil::Device:Startup:1.0.1
      Source file:   Device\Source\system_TM4C123.c
      Source file:   Device\Source\ARM\startup_TM4C123.s
      Include file:  Device\Include\TM4C123\TM4C123.h
Build Time Elapsed:  00:00:01
</pre>
</body>
</html>
